\BOOKMARK [1][-]{toc.1}{\376\377\000C\000o\000n\000t\000e\000n\000t\000s}{}% 1
\BOOKMARK [1][-]{section.2}{\376\377\000G\000r\000o\000u\000p\000s}{}% 2
\BOOKMARK [2][-]{subsection.2.1}{\376\377\000L\000a\000w\000s\000\040\000o\000f\000\040\000C\000o\000m\000p\000o\000s\000i\000t\000i\000o\000n}{section.2}% 3
\BOOKMARK [3][-]{subsubsection.2.1.2}{\376\377\000E\000x\000e\000r\000c\000i\000s\000e\000\040\0002\000.\0001\000.\0002}{subsection.2.1}% 4
\BOOKMARK [3][-]{subsubsection.2.1.3}{\376\377\000E\000x\000e\000r\000c\000i\000s\000e\000\040\0002\000.\0001\000.\0003}{subsection.2.1}% 5
\BOOKMARK [2][-]{subsection.2.2}{\376\377\000G\000r\000o\000u\000p\000s\000\040\000a\000n\000d\000\040\000S\000u\000b\000g\000r\000o\000u\000p\000s}{section.2}% 6
\BOOKMARK [3][-]{subsubsection.2.2.3}{\376\377\000E\000x\000e\000r\000c\000i\000s\000e\000\040\0002\000.\0002\000.\0003}{subsection.2.2}% 7
\BOOKMARK [3][-]{subsubsection.2.2.4}{\376\377\000E\000x\000e\000r\000c\000i\000s\000e\000\040\0002\000.\0002\000.\0004}{subsection.2.2}% 8
\BOOKMARK [2][-]{subsection.2.4}{\376\377\000C\000y\000c\000l\000i\000c\000\040\000G\000r\000o\000u\000p\000s}{section.2}% 9
\BOOKMARK [3][-]{subsubsection.2.4.1}{\376\377\000E\000x\000e\000r\000c\000i\000s\000e\000\040\0002\000.\0004\000.\0001}{subsection.2.4}% 10
\BOOKMARK [3][-]{subsubsection.2.4.3}{\376\377\000E\000x\000e\000r\000c\000i\000s\000e\000\040\0002\000.\0004\000.\0003}{subsection.2.4}% 11
\BOOKMARK [3][-]{subsubsection.2.4.6}{\376\377\000E\000x\000e\000r\000c\000i\000s\000e\000\040\0002\000.\0004\000.\0006}{subsection.2.4}% 12
\BOOKMARK [3][-]{subsubsection.2.4.9}{\376\377\000E\000x\000e\000r\000c\000i\000s\000e\000\040\0002\000.\0004\000.\0009}{subsection.2.4}% 13
\BOOKMARK [3][-]{subsubsection.2.4.10}{\376\377\000E\000x\000e\000r\000c\000i\000s\000e\000\040\0002\000.\0004\000.\0001\0000}{subsection.2.4}% 14
\BOOKMARK [2][-]{subsection.2.6}{\376\377\000I\000s\000o\000m\000o\000r\000p\000h\000i\000s\000m\000s}{section.2}% 15
\BOOKMARK [3][-]{subsubsection.2.6.2}{\376\377\000E\000x\000e\000r\000c\000i\000s\000e\000\040\0002\000.\0006\000.\0002}{subsection.2.6}% 16
\BOOKMARK [3][-]{subsubsection.2.6.3}{\376\377\000E\000x\000e\000r\000c\000i\000s\000e\000\040\0002\000.\0006\000.\0003}{subsection.2.6}% 17
\BOOKMARK [3][-]{subsubsection.2.6.6}{\376\377\000E\000x\000e\000r\000c\000i\000s\000e\000\040\0002\000.\0006\000.\0006}{subsection.2.6}% 18
\BOOKMARK [2][-]{subsection.2.8}{\376\377\000C\000o\000s\000e\000t\000s}{section.2}% 19
\BOOKMARK [3][-]{subsubsection.2.8.4}{\376\377\000E\000x\000e\000r\000c\000i\000s\000e\000\040\0002\000.\0008\000.\0004}{subsection.2.8}% 20
\BOOKMARK [3][-]{subsubsection.2.8.8}{\376\377\000E\000x\000e\000r\000c\000i\000s\000e\000\040\0002\000.\0008\000.\0008}{subsection.2.8}% 21
\BOOKMARK [3][-]{subsubsection.2.8.10}{\376\377\000E\000x\000e\000r\000c\000i\000s\000e\000\040\0002\000.\0008\000.\0001\0000}{subsection.2.8}% 22
\BOOKMARK [2][-]{subsection.2.10}{\376\377\000T\000h\000e\000\040\000C\000o\000r\000r\000e\000s\000p\000o\000n\000d\000e\000n\000c\000e\000\040\000T\000h\000e\000o\000r\000e\000m}{section.2}% 23
\BOOKMARK [3][-]{subsubsection.2.10.3}{\376\377\000E\000x\000e\000r\000c\000i\000s\000e\000\040\0002\000.\0001\0000\000.\0003}{subsection.2.10}% 24
\BOOKMARK [2][-]{subsection.2.11}{\376\377\000P\000r\000o\000d\000u\000c\000t\000\040\000G\000r\000o\000u\000p\000s}{section.2}% 25
\BOOKMARK [3][-]{subsubsection.2.11.1}{\376\377\000E\000x\000e\000r\000c\000i\000s\000e\000\040\0002\000.\0001\0001\000.\0001}{subsection.2.11}% 26
\BOOKMARK [3][-]{subsubsection.2.11.3}{\376\377\000E\000x\000e\000r\000c\000i\000s\000e\000\040\0002\000.\0001\0001\000.\0003}{subsection.2.11}% 27
\BOOKMARK [2][-]{subsection.2.12}{\376\377\000Q\000u\000o\000t\000i\000e\000n\000t\000\040\000G\000r\000o\000u\000p\000s}{section.2}% 28
\BOOKMARK [3][-]{subsubsection.2.12.2}{\376\377\000E\000x\000e\000r\000c\000i\000s\000e\000\040\0002\000.\0001\0002\000.\0002}{subsection.2.12}% 29
\BOOKMARK [3][-]{subsubsection.2.12.4}{\376\377\000E\000x\000e\000r\000c\000i\000s\000e\000\040\0002\000.\0001\0002\000.\0004}{subsection.2.12}% 30
\BOOKMARK [3][-]{subsubsection.2.12.5}{\376\377\000E\000x\000e\000r\000c\000i\000s\000e\000\040\0002\000.\0001\0002\000.\0005}{subsection.2.12}% 31
\BOOKMARK [1][-]{section.6}{\376\377\000S\000y\000m\000m\000e\000t\000r\000y}{}% 32
\BOOKMARK [2][-]{subsection.6.3}{\376\377\000I\000s\000o\000m\000e\000t\000r\000i\000e\000s\000\040\000o\000f\000\040\000t\000h\000e\000\040\000P\000l\000a\000n\000e}{section.6}% 33
\BOOKMARK [3][-]{subsubsection.6.3.2}{\376\377\000E\000x\000e\000r\000c\000i\000s\000e\000\040\0006\000.\0003\000.\0002}{subsection.6.3}% 34
\BOOKMARK [3][-]{subsubsection.6.3.6}{\376\377\000E\000x\000e\000r\000c\000i\000s\000e\000\040\0006\000.\0003\000.\0006}{subsection.6.3}% 35
\BOOKMARK [2][-]{subsection.6.4}{\376\377\000F\000i\000n\000i\000t\000e\000\040\000G\000r\000o\000u\000p\000s\000\040\000o\000f\000\040\000O\000r\000t\000h\000o\000g\000o\000n\000a\000l\000\040\000O\000p\000e\000r\000a\000t\000o\000r\000s\000\040\000o\000n\000\040\000t\000h\000e\000\040\000P\000l\000a\000n\000e}{section.6}% 36
\BOOKMARK [3][-]{subsubsection.6.4.2}{\376\377\000E\000x\000e\000r\000c\000i\000s\000e\000\040\0006\000.\0004\000.\0002}{subsection.6.4}% 37
\BOOKMARK [3][-]{subsubsection.6.4.3}{\376\377\000E\000x\000e\000r\000c\000i\000s\000e\000\040\0006\000.\0004\000.\0003}{subsection.6.4}% 38
\BOOKMARK [2][-]{subsection.6.5}{\376\377\000D\000i\000s\000c\000r\000e\000t\000e\000\040\000G\000r\000o\000u\000p\000s\000\040\000o\000f\000\040\000I\000s\000o\000m\000e\000t\000r\000i\000e\000s}{section.6}% 39
\BOOKMARK [3][-]{subsubsection.6.5.5}{\376\377\000E\000x\000e\000r\000c\000i\000s\000e\000\040\0006\000.\0005\000.\0005}{subsection.6.5}% 40
\BOOKMARK [3][-]{subsubsection.6.5.9}{\376\377\000E\000x\000e\000r\000c\000i\000s\000e\000\040\0006\000.\0005\000.\0009}{subsection.6.5}% 41
\BOOKMARK [2][-]{subsection.6.6}{\376\377\000P\000l\000a\000n\000e\000\040\000C\000r\000y\000s\000t\000a\000l\000l\000o\000g\000r\000a\000p\000h\000i\000c\000\040\000G\000r\000o\000u\000p\000s}{section.6}% 42
\BOOKMARK [3][-]{subsubsection.6.6.2}{\376\377\000E\000x\000e\000r\000c\000i\000s\000e\000\040\0006\000.\0006\000.\0002}{subsection.6.6}% 43
\BOOKMARK [2][-]{subsection.6.7}{\376\377\000A\000b\000s\000t\000r\000a\000c\000t\000\040\000S\000y\000m\000m\000e\000t\000r\000y\000:\000\040\000G\000r\000o\000u\000p\000\040\000O\000p\000e\000r\000a\000t\000i\000o\000n\000s}{section.6}% 44
\BOOKMARK [3][-]{subsubsection.6.7.1}{\376\377\000E\000x\000e\000r\000c\000i\000s\000e\000\040\0006\000.\0007\000.\0001}{subsection.6.7}% 45
\BOOKMARK [3][-]{subsubsection.6.7.2}{\376\377\000E\000x\000e\000r\000c\000i\000s\000e\000\040\0006\000.\0007\000.\0002}{subsection.6.7}% 46
\BOOKMARK [3][-]{subsubsection.6.7.8}{\376\377\000E\000x\000e\000r\000c\000i\000s\000e\000\040\0006\000.\0007\000.\0008}{subsection.6.7}% 47
\BOOKMARK [3][-]{subsubsection.6.7.11}{\376\377\000E\000x\000e\000r\000c\000i\000s\000e\000\040\0006\000.\0007\000.\0001\0001}{subsection.6.7}% 48
\BOOKMARK [2][-]{subsection.6.8}{\376\377\000T\000h\000e\000\040\000O\000p\000e\000r\000a\000t\000i\000o\000n\000\040\000o\000n\000\040\000C\000o\000s\000e\000t\000s}{section.6}% 49
\BOOKMARK [3][-]{subsubsection.6.8.4}{\376\377\000E\000x\000e\000r\000c\000i\000s\000e\000\040\0006\000.\0008\000.\0004}{subsection.6.8}% 50
\BOOKMARK [2][-]{subsection.6.9}{\376\377\000T\000h\000e\000\040\000C\000o\000u\000n\000t\000i\000n\000g\000\040\000F\000o\000r\000m\000u\000l\000a}{section.6}% 51
\BOOKMARK [3][-]{subsubsection.6.9.4}{\376\377\000E\000x\000e\000r\000c\000i\000s\000e\000\040\0006\000.\0009\000.\0004}{subsection.6.9}% 52
\BOOKMARK [2][-]{subsection.6.10}{\376\377\000O\000p\000e\000r\000a\000t\000i\000o\000n\000s\000\040\000o\000n\000\040\000S\000u\000b\000s\000e\000t\000s}{section.6}% 53
\BOOKMARK [3][-]{subsubsection.6.10.1}{\376\377\000E\000x\000e\000r\000c\000i\000s\000e\000\040\0006\000.\0001\0000\000.\0001}{subsection.6.10}% 54
\BOOKMARK [2][-]{subsection.6.11}{\376\377\000P\000e\000r\000m\000u\000t\000a\000t\000i\000o\000n\000\040\000R\000e\000p\000r\000e\000s\000e\000n\000t\000a\000t\000i\000o\000n\000s}{section.6}% 55
\BOOKMARK [3][-]{subsubsection.6.11.1}{\376\377\000E\000x\000e\000r\000c\000i\000s\000e\000\040\0006\000.\0001\0001\000.\0001}{subsection.6.11}% 56
\BOOKMARK [3][-]{subsubsection.6.11.5}{\376\377\000E\000x\000e\000r\000c\000i\000s\000e\000\040\0006\000.\0001\0001\000.\0005}{subsection.6.11}% 57
\BOOKMARK [3][-]{subsubsection.6.11.6}{\376\377\000E\000x\000e\000r\000c\000i\000s\000e\000\040\0006\000.\0001\0001\000.\0006}{subsection.6.11}% 58
\BOOKMARK [2][-]{subsection.6.12}{\376\377\000F\000i\000n\000i\000t\000e\000\040\000S\000u\000b\000g\000r\000o\000u\000p\000s\000\040\000o\000f\000\040\000t\000h\000e\000\040\000R\000o\000t\000a\000t\000i\000o\000n\000\040\000G\000r\000o\000u\000p}{section.6}% 59
\BOOKMARK [3][-]{subsubsection.6.12.3}{\376\377\000E\000x\000e\000r\000c\000i\000s\000e\000\040\0006\000.\0001\0002\000.\0003}{subsection.6.12}% 60
\BOOKMARK [3][-]{subsubsection.6.12.7}{\376\377\000E\000x\000e\000r\000c\000i\000s\000e\000\040\0006\000.\0001\0002\000.\0007}{subsection.6.12}% 61
\BOOKMARK [2][-]{subsection.6.13}{\376\377\000M\000i\000s\000c\000e\000l\000l\000a\000n\000e\000o\000u\000s\000\040\000P\000r\000o\000b\000l\000e\000m\000s}{section.6}% 62
\BOOKMARK [3][-]{subsubsection.6.13.7}{\376\377\000E\000x\000e\000r\000c\000i\000s\000e\000\040\0006\000.\000M\000.\0007}{subsection.6.13}% 63
\BOOKMARK [1][-]{section.11}{\376\377\000R\000i\000n\000g\000s}{}% 64
\BOOKMARK [2][-]{subsection.11.1}{\376\377\000D\000e\000f\000i\000n\000i\000t\000i\000o\000n\000\040\000o\000f\000\040\000a\000\040\000R\000i\000n\000g}{section.11}% 65
\BOOKMARK [3][-]{subsubsection.11.1.1}{\376\377\000E\000x\000e\000r\000c\000i\000s\000e\000\040\0001\0001\000.\0001\000.\0001}{subsection.11.1}% 66
\BOOKMARK [3][-]{subsubsection.11.1.2}{\376\377\000E\000x\000e\000r\000c\000i\000s\000e\000\040\0001\0001\000.\0001\000.\0002}{subsection.11.1}% 67
\BOOKMARK [3][-]{subsubsection.11.1.3}{\376\377\000E\000x\000e\000r\000c\000i\000s\000e\000\040\0001\0001\000.\0001\000.\0003}{subsection.11.1}% 68
\BOOKMARK [2][-]{subsection.11.2}{\376\377\000P\000o\000l\000y\000n\000o\000m\000i\000a\000l\000\040\000R\000i\000n\000g\000s}{section.11}% 69
\BOOKMARK [3][-]{subsubsection.11.2.1}{\376\377\000E\000x\000e\000r\000c\000i\000s\000e\000\040\0001\0001\000.\0002\000.\0001}{subsection.11.2}% 70
\BOOKMARK [3][-]{subsubsection.11.2.2}{\376\377\000E\000x\000e\000r\000c\000i\000s\000e\000\040\0001\0001\000.\0002\000.\0002}{subsection.11.2}% 71
\BOOKMARK [2][-]{subsection.11.3}{\376\377\000H\000o\000m\000o\000m\000o\000r\000p\000h\000i\000s\000m\000s\000\040\000a\000n\000d\000\040\000I\000d\000e\000a\000l\000s}{section.11}% 72
\BOOKMARK [3][-]{subsubsection.11.3.3}{\376\377\000E\000x\000e\000r\000c\000i\000s\000e\000\040\0001\0001\000.\0003\000.\0003}{subsection.11.3}% 73
\BOOKMARK [3][-]{subsubsection.11.3.5}{\376\377\000E\000x\000e\000r\000c\000i\000s\000e\000\040\0001\0001\000.\0003\000.\0005}{subsection.11.3}% 74
\BOOKMARK [3][-]{subsubsection.11.3.7}{\376\377\000E\000x\000e\000r\000c\000i\000s\000e\000\040\0001\0001\000.\0003\000.\0007}{subsection.11.3}% 75
\BOOKMARK [3][-]{subsubsection.11.3.8}{\376\377\000E\000x\000e\000r\000c\000i\000s\000e\000\040\0001\0001\000.\0003\000.\0008}{subsection.11.3}% 76
\BOOKMARK [3][-]{subsubsection.11.3.9}{\376\377\000E\000x\000e\000r\000c\000i\000s\000e\000\040\0001\0001\000.\0003\000.\0009}{subsection.11.3}% 77
\BOOKMARK [3][-]{subsubsection.11.3.10}{\376\377\000E\000x\000e\000r\000c\000i\000s\000e\000\040\0001\0001\000.\0003\000.\0001\0000}{subsection.11.3}% 78
\BOOKMARK [3][-]{subsubsection.11.3.11}{\376\377\000E\000x\000e\000r\000c\000i\000s\000e\000\040\0001\0001\000.\0003\000.\0001\0001}{subsection.11.3}% 79
\BOOKMARK [3][-]{subsubsection.11.3.12}{\376\377\000E\000x\000e\000r\000c\000i\000s\000e\000\040\0001\0001\000.\0003\000.\0001\0002}{subsection.11.3}% 80
\BOOKMARK [3][-]{subsubsection.11.3.13}{\376\377\000E\000x\000e\000r\000c\000i\000s\000e\000\040\0001\0001\000.\0003\000.\0001\0003}{subsection.11.3}% 81
\BOOKMARK [2][-]{subsection.11.4}{\376\377\000Q\000u\000o\000t\000i\000e\000n\000t\000\040\000R\000i\000n\000g\000s}{section.11}% 82
\BOOKMARK [3][-]{subsubsection.11.4.2}{\376\377\000E\000x\000e\000r\000c\000i\000s\000e\000\040\0001\0001\000.\0004\000.\0002}{subsection.11.4}% 83
\BOOKMARK [3][-]{subsubsection.11.4.3}{\376\377\000E\000x\000e\000r\000c\000i\000s\000e\000\040\0001\0001\000.\0004\000.\0003}{subsection.11.4}% 84
\BOOKMARK [3][-]{subsubsection.11.4.4}{\376\377\000E\000x\000e\000r\000c\000i\000s\000e\000\040\0001\0001\000.\0004\000.\0004}{subsection.11.4}% 85
\BOOKMARK [2][-]{subsection.11.5}{\376\377\000A\000d\000j\000o\000i\000n\000i\000n\000g\000\040\000E\000l\000e\000m\000e\000n\000t\000s}{section.11}% 86
\BOOKMARK [3][-]{subsubsection.11.5.1}{\376\377\000E\000x\000e\000r\000c\000i\000s\000e\000\040\0001\0001\000.\0005\000.\0001}{subsection.11.5}% 87
\BOOKMARK [3][-]{subsubsection.11.5.3}{\376\377\000E\000x\000e\000r\000c\000i\000s\000e\000\040\0001\0001\000.\0005\000.\0003}{subsection.11.5}% 88
\BOOKMARK [3][-]{subsubsection.11.5.4}{\376\377\000E\000x\000e\000r\000c\000i\000s\000e\000\040\0001\0001\000.\0005\000.\0004}{subsection.11.5}% 89
\BOOKMARK [3][-]{subsubsection.11.5.6}{\376\377\000E\000x\000e\000r\000c\000i\000s\000e\000\040\0001\0001\000.\0005\000.\0006}{subsection.11.5}% 90
\BOOKMARK [2][-]{subsection.11.6}{\376\377\000P\000r\000o\000d\000u\000c\000t\000\040\000R\000i\000n\000g\000s}{section.11}% 91
\BOOKMARK [3][-]{subsubsection.11.6.1}{\376\377\000E\000x\000e\000r\000c\000i\000s\000e\000\040\0001\0001\000.\0006\000.\0001}{subsection.11.6}% 92
\BOOKMARK [3][-]{subsubsection.11.6.2}{\376\377\000E\000x\000e\000r\000c\000i\000s\000e\000\040\0001\0001\000.\0006\000.\0002}{subsection.11.6}% 93
\BOOKMARK [3][-]{subsubsection.11.6.3}{\376\377\000E\000x\000e\000r\000c\000i\000s\000e\000\040\0001\0001\000.\0006\000.\0003}{subsection.11.6}% 94
\BOOKMARK [3][-]{subsubsection.11.6.4}{\376\377\000E\000x\000e\000r\000c\000i\000s\000e\000\040\0001\0001\000.\0006\000.\0004}{subsection.11.6}% 95
\BOOKMARK [3][-]{subsubsection.11.6.5}{\376\377\000E\000x\000e\000r\000c\000i\000s\000e\000\040\0001\0001\000.\0006\000.\0005}{subsection.11.6}% 96
\BOOKMARK [3][-]{subsubsection.11.6.6}{\376\377\000E\000x\000e\000r\000c\000i\000s\000e\000\040\0001\0001\000.\0006\000.\0006}{subsection.11.6}% 97
\BOOKMARK [3][-]{subsubsection.11.6.7}{\376\377\000E\000x\000e\000r\000c\000i\000s\000e\000\040\0001\0001\000.\0006\000.\0007}{subsection.11.6}% 98
\BOOKMARK [3][-]{subsubsection.11.6.8}{\376\377\000E\000x\000e\000r\000c\000i\000s\000e\000\040\0001\0001\000.\0006\000.\0008}{subsection.11.6}% 99
\BOOKMARK [2][-]{subsection.11.7}{\376\377\000F\000r\000a\000c\000t\000i\000o\000n\000s}{section.11}% 100
\BOOKMARK [3][-]{subsubsection.11.7.1}{\376\377\000E\000x\000e\000r\000c\000i\000s\000e\000\040\0001\0001\000.\0007\000.\0001}{subsection.11.7}% 101
\BOOKMARK [3][-]{subsubsection.11.7.2}{\376\377\000E\000x\000e\000r\000c\000i\000s\000e\000\040\0001\0001\000.\0007\000.\0002}{subsection.11.7}% 102
\BOOKMARK [3][-]{subsubsection.11.7.3}{\376\377\000E\000x\000e\000r\000c\000i\000s\000e\000\040\0001\0001\000.\0007\000.\0003}{subsection.11.7}% 103
\BOOKMARK [3][-]{subsubsection.11.7.4}{\376\377\000E\000x\000e\000r\000c\000i\000s\000e\000\040\0001\0001\000.\0007\000.\0004}{subsection.11.7}% 104
\BOOKMARK [2][-]{subsection.11.8}{\376\377\000M\000a\000x\000i\000m\000a\000l\000\040\000I\000d\000e\000a\000l\000s}{section.11}% 105
\BOOKMARK [3][-]{subsubsection.11.8.1}{\376\377\000E\000x\000e\000r\000c\000i\000s\000e\000\040\0001\0001\000.\0008\000.\0001}{subsection.11.8}% 106
\BOOKMARK [3][-]{subsubsection.11.8.2}{\376\377\000E\000x\000e\000r\000c\000i\000s\000e\000\040\0001\0001\000.\0008\000.\0002}{subsection.11.8}% 107
\BOOKMARK [3][-]{subsubsection.11.8.3}{\376\377\000E\000x\000e\000r\000c\000i\000s\000e\000\040\0001\0001\000.\0008\000.\0003}{subsection.11.8}% 108
\BOOKMARK [3][-]{subsubsection.11.8.4}{\376\377\000E\000x\000e\000r\000c\000i\000s\000e\000\040\0001\0001\000.\0008\000.\0004}{subsection.11.8}% 109
\BOOKMARK [2][-]{subsection.11.9}{\376\377\000A\000l\000g\000e\000b\000r\000a\000i\000c\000\040\000G\000e\000o\000m\000e\000t\000r\000y}{section.11}% 110
\BOOKMARK [3][-]{subsubsection.11.9.4}{\376\377\000E\000x\000e\000r\000c\000i\000s\000e\000\040\0001\0001\000.\0009\000.\0004}{subsection.11.9}% 111
\BOOKMARK [3][-]{subsubsection.11.9.5}{\376\377\000E\000x\000e\000r\000c\000i\000s\000e\000\040\0001\0001\000.\0009\000.\0005}{subsection.11.9}% 112
\BOOKMARK [3][-]{subsubsection.11.9.6}{\376\377\000E\000x\000e\000r\000c\000i\000s\000e\000\040\0001\0001\000.\0009\000.\0006}{subsection.11.9}% 113
\BOOKMARK [3][-]{subsubsection.11.9.11}{\376\377\000E\000x\000e\000r\000c\000i\000s\000e\000\040\0001\0001\000.\0009\000.\0001\0001}{subsection.11.9}% 114
\BOOKMARK [3][-]{subsubsection.11.9.12}{\376\377\000E\000x\000e\000r\000c\000i\000s\000e\000\040\0001\0001\000.\0009\000.\0001\0002}{subsection.11.9}% 115
\BOOKMARK [3][-]{subsubsection.11.9.13}{\376\377\000E\000x\000e\000r\000c\000i\000s\000e\000\040\0001\0001\000.\0009\000.\0001\0003}{subsection.11.9}% 116
\BOOKMARK [2][-]{subsection.11.13}{\376\377\000M\000i\000s\000c\000e\000l\000l\000a\000n\000e\000o\000u\000s\000\040\000P\000r\000o\000b\000l\000e\000m\000s}{section.11}% 117
\BOOKMARK [3][-]{subsubsection.11.13.3}{\376\377\000E\000x\000e\000r\000c\000i\000s\000e\000\040\0001\0001\000.\000M\000.\0003}{subsection.11.13}% 118
\BOOKMARK [3][-]{subsubsection.11.13.4}{\376\377\000E\000x\000e\000r\000c\000i\000s\000e\000\040\0001\0001\000.\000M\000.\0004}{subsection.11.13}% 119
\BOOKMARK [1][-]{section.12}{\376\377\000F\000a\000c\000t\000o\000r\000i\000n\000g}{}% 120
\BOOKMARK [2][-]{subsection.12.1}{\376\377\000F\000a\000c\000t\000o\000r\000i\000n\000g\000\040\000I\000n\000t\000e\000g\000e\000r\000s}{section.12}% 121
\BOOKMARK [3][-]{subsubsection.12.1.4}{\376\377\000E\000x\000e\000r\000c\000i\000s\000e\000\040\0001\0002\000.\0001\000.\0004}{subsection.12.1}% 122
\BOOKMARK [3][-]{subsubsection.12.1.5}{\376\377\000E\000x\000e\000r\000c\000i\000s\000e\000\040\0001\0002\000.\0001\000.\0005}{subsection.12.1}% 123
\BOOKMARK [2][-]{subsection.12.2}{\376\377\000U\000n\000i\000q\000u\000e\000\040\000F\000a\000c\000t\000o\000r\000i\000z\000a\000t\000i\000o\000n\000\040\000D\000o\000m\000a\000i\000n\000s}{section.12}% 124
\BOOKMARK [3][-]{subsubsection.12.2.1}{\376\377\000E\000x\000e\000r\000c\000i\000s\000e\000\040\0001\0002\000.\0002\000.\0001}{subsection.12.2}% 125
\BOOKMARK [3][-]{subsubsection.12.2.2}{\376\377\000E\000x\000e\000r\000c\000i\000s\000e\000\040\0001\0002\000.\0002\000.\0002}{subsection.12.2}% 126
\BOOKMARK [3][-]{subsubsection.12.2.5}{\376\377\000E\000x\000e\000r\000c\000i\000s\000e\000\040\0001\0002\000.\0002\000.\0005}{subsection.12.2}% 127
\BOOKMARK [3][-]{subsubsection.12.2.6}{\376\377\000E\000x\000e\000r\000c\000i\000s\000e\000\040\0001\0002\000.\0002\000.\0006}{subsection.12.2}% 128
\BOOKMARK [3][-]{subsubsection.12.2.9}{\376\377\000E\000x\000e\000r\000c\000i\000s\000e\000\040\0001\0002\000.\0002\000.\0009}{subsection.12.2}% 129
\BOOKMARK [2][-]{subsection.12.3}{\376\377\000G\000a\000u\000s\000s\000'\000s\000\040\000L\000e\000m\000m\000a}{section.12}% 130
\BOOKMARK [3][-]{subsubsection.12.3.1}{\376\377\000E\000x\000e\000r\000c\000i\000s\000e\000\040\0001\0002\000.\0003\000.\0001}{subsection.12.3}% 131
\BOOKMARK [3][-]{subsubsection.12.3.2}{\376\377\000E\000x\000e\000r\000c\000i\000s\000e\000\040\0001\0002\000.\0003\000.\0002}{subsection.12.3}% 132
\BOOKMARK [3][-]{subsubsection.12.3.4}{\376\377\000E\000x\000e\000r\000c\000i\000s\000e\000\040\0001\0002\000.\0003\000.\0004}{subsection.12.3}% 133
\BOOKMARK [3][-]{subsubsection.12.3.6}{\376\377\000E\000x\000e\000r\000c\000i\000s\000e\000\040\0001\0002\000.\0003\000.\0006}{subsection.12.3}% 134
\BOOKMARK [2][-]{subsection.12.4}{\376\377\000F\000a\000c\000t\000o\000r\000i\000n\000g\000\040\000I\000n\000t\000e\000g\000e\000r\000\040\000P\000o\000l\000y\000n\000o\000m\000i\000a\000l\000s}{section.12}% 135
\BOOKMARK [3][-]{subsubsection.12.4.4}{\376\377\000E\000x\000e\000r\000c\000i\000s\000e\000\040\0001\0002\000.\0004\000.\0004}{subsection.12.4}% 136
\BOOKMARK [3][-]{subsubsection.12.4.6}{\376\377\000E\000x\000e\000r\000c\000i\000s\000e\000\040\0001\0002\000.\0004\000.\0006}{subsection.12.4}% 137
\BOOKMARK [3][-]{subsubsection.12.4.7}{\376\377\000E\000x\000e\000r\000c\000i\000s\000e\000\040\0001\0002\000.\0004\000.\0007}{subsection.12.4}% 138
\BOOKMARK [3][-]{subsubsection.12.4.12}{\376\377\000E\000x\000e\000r\000c\000i\000s\000e\000\040\0001\0002\000.\0004\000.\0001\0002}{subsection.12.4}% 139
\BOOKMARK [3][-]{subsubsection.12.4.13}{\376\377\000E\000x\000e\000r\000c\000i\000s\000e\000\040\0001\0002\000.\0004\000.\0001\0003}{subsection.12.4}% 140
\BOOKMARK [3][-]{subsubsection.12.4.15}{\376\377\000E\000x\000e\000r\000c\000i\000s\000e\000\040\0001\0002\000.\0004\000.\0001\0005}{subsection.12.4}% 141
\BOOKMARK [3][-]{subsubsection.12.4.19}{\376\377\000E\000x\000e\000r\000c\000i\000s\000e\000\040\0001\0002\000.\0004\000.\0001\0009}{subsection.12.4}% 142
\BOOKMARK [2][-]{subsection.12.5}{\376\377\000G\000a\000u\000s\000s\000\040\000P\000r\000i\000m\000e\000s}{section.12}% 143
\BOOKMARK [3][-]{subsubsection.12.5.2}{\376\377\000E\000x\000e\000r\000c\000i\000s\000e\000\040\0001\0002\000.\0005\000.\0002}{subsection.12.5}% 144
\BOOKMARK [3][-]{subsubsection.12.5.3}{\376\377\000E\000x\000e\000r\000c\000i\000s\000e\000\040\0001\0002\000.\0005\000.\0003}{subsection.12.5}% 145
\BOOKMARK [3][-]{subsubsection.12.5.5}{\376\377\000E\000x\000e\000r\000c\000i\000s\000e\000\040\0001\0002\000.\0005\000.\0005}{subsection.12.5}% 146
\BOOKMARK [3][-]{subsubsection.12.5.6}{\376\377\000E\000x\000e\000r\000c\000i\000s\000e\000\040\0001\0002\000.\0005\000.\0006}{subsection.12.5}% 147
\BOOKMARK [3][-]{subsubsection.12.5.7}{\376\377\000E\000x\000e\000r\000c\000i\000s\000e\000\040\0001\0002\000.\0005\000.\0007}{subsection.12.5}% 148
\BOOKMARK [3][-]{subsubsection.12.5.9}{\376\377\000E\000x\000e\000r\000c\000i\000s\000e\000\040\0001\0002\000.\0005\000.\0009}{subsection.12.5}% 149
\BOOKMARK [3][-]{subsubsection.12.5.10}{\376\377\000E\000x\000e\000r\000c\000i\000s\000e\000\040\0001\0002\000.\0005\000.\0001\0000}{subsection.12.5}% 150
\BOOKMARK [2][-]{subsection.12.13}{\376\377\000M\000i\000s\000c\000e\000l\000l\000a\000n\000e\000o\000u\000s\000\040\000P\000r\000o\000b\000l\000e\000m\000s}{section.12}% 151
\BOOKMARK [3][-]{subsubsection.12.13.5}{\376\377\000E\000x\000e\000r\000c\000i\000s\000e\000\040\0001\0002\000.\000M\000.\0005}{subsection.12.13}% 152
\BOOKMARK [3][-]{subsubsection.12.13.6}{\376\377\000E\000x\000e\000r\000c\000i\000s\000e\000\040\0001\0002\000.\000M\000.\0006}{subsection.12.13}% 153
\BOOKMARK [3][-]{subsubsection.12.13.7}{\376\377\000E\000x\000e\000r\000c\000i\000s\000e\000\040\0001\0002\000.\000M\000.\0007}{subsection.12.13}% 154
\BOOKMARK [3][-]{subsubsection.12.13.8}{\376\377\000E\000x\000e\000r\000c\000i\000s\000e\000\040\0001\0002\000.\000M\000.\0008}{subsection.12.13}% 155
\BOOKMARK [1][-]{section.13}{\376\377\000Q\000u\000a\000d\000r\000a\000t\000i\000c\000\040\000N\000u\000m\000b\000e\000r\000\040\000F\000i\000e\000l\000d\000s}{}% 156
\BOOKMARK [2][-]{subsection.13.1}{\376\377\000A\000l\000g\000e\000b\000r\000a\000i\000c\000\040\000I\000n\000t\000e\000g\000e\000r\000s}{section.13}% 157
\BOOKMARK [3][-]{subsubsection.13.1.4}{\376\377\000E\000x\000e\000r\000c\000i\000s\000e\000\040\0001\0003\000.\0001\000.\0004}{subsection.13.1}% 158
\BOOKMARK [2][-]{subsection.13.2}{\376\377\000F\000a\000c\000t\000o\000r\000i\000n\000g\000\040\000A\000l\000g\000e\000b\000r\000a\000i\000c\000\040\000I\000n\000t\000e\000g\000e\000r\000s}{section.13}% 159
\BOOKMARK [3][-]{subsubsection.13.2.2}{\376\377\000E\000x\000e\000r\000c\000i\000s\000e\000\040\0001\0003\000.\0002\000.\0002}{subsection.13.2}% 160
\BOOKMARK [2][-]{subsection.13.3}{\376\377\000I\000d\000e\000a\000l\000s\000\040\000i\000n\000\040\000Z\000[\042\032\000-\0005\000]}{section.13}% 161
\BOOKMARK [3][-]{subsubsection.13.3.2}{\376\377\000E\000x\000e\000r\000c\000i\000s\000e\000\040\0001\0003\000.\0003\000.\0002}{subsection.13.3}% 162
\BOOKMARK [3][-]{subsubsection.13.3.3}{\376\377\000E\000x\000e\000r\000c\000i\000s\000e\000\040\0001\0003\000.\0003\000.\0003}{subsection.13.3}% 163
\BOOKMARK [2][-]{subsection.13.4}{\376\377\000I\000d\000e\000a\000l\000\040\000M\000u\000l\000t\000i\000p\000l\000i\000c\000a\000t\000i\000o\000n}{section.13}% 164
\BOOKMARK [3][-]{subsubsection.13.4.3}{\376\377\000E\000x\000e\000r\000c\000i\000s\000e\000\040\0001\0003\000.\0004\000.\0003}{subsection.13.4}% 165
\BOOKMARK [2][-]{subsection.13.5}{\376\377\000F\000a\000c\000t\000o\000r\000i\000n\000g\000\040\000I\000d\000e\000a\000l\000s}{section.13}% 166
\BOOKMARK [3][-]{subsubsection.13.5.2}{\376\377\000E\000x\000e\000r\000c\000i\000s\000e\000\040\0001\0003\000.\0005\000.\0002}{subsection.13.5}% 167
\BOOKMARK [1][-]{section.14}{\376\377\000L\000i\000n\000e\000a\000r\000\040\000A\000l\000g\000e\000b\000r\000a\000\040\000i\000n\000\040\000a\000\040\000R\000i\000n\000g}{}% 168
\BOOKMARK [2][-]{subsection.14.1}{\376\377\000M\000o\000d\000u\000l\000e\000s}{section.14}% 169
\BOOKMARK [3][-]{subsubsection.14.1.3}{\376\377\000E\000x\000e\000r\000c\000i\000s\000e\000\040\0001\0004\000.\0001\000.\0003}{subsection.14.1}% 170
\BOOKMARK [3][-]{subsubsection.14.1.4}{\376\377\000E\000x\000e\000r\000c\000i\000s\000e\000\040\0001\0004\000.\0001\000.\0004}{subsection.14.1}% 171
\BOOKMARK [2][-]{subsection.14.2}{\376\377\000F\000r\000e\000e\000\040\000M\000o\000d\000u\000l\000e\000s}{section.14}% 172
\BOOKMARK [3][-]{subsubsection.14.2.3}{\376\377\000E\000x\000e\000r\000c\000i\000s\000e\000\040\0001\0004\000.\0002\000.\0003}{subsection.14.2}% 173
\BOOKMARK [2][-]{subsection.14.4}{\376\377\000D\000i\000a\000g\000o\000n\000a\000l\000i\000z\000i\000n\000g\000\040\000I\000n\000t\000e\000g\000e\000r\000\040\000M\000a\000t\000r\000i\000c\000e\000s}{section.14}% 174
\BOOKMARK [3][-]{subsubsection.14.4.6}{\376\377\000E\000x\000e\000r\000c\000i\000s\000e\000\040\0001\0004\000.\0004\000.\0006}{subsection.14.4}% 175
\BOOKMARK [2][-]{subsection.14.5}{\376\377\000G\000e\000n\000e\000r\000a\000t\000o\000r\000s\000\040\000a\000n\000d\000\040\000R\000e\000l\000a\000t\000i\000o\000n\000s}{section.14}% 176
\BOOKMARK [3][-]{subsubsection.14.5.1}{\376\377\000E\000x\000e\000r\000c\000i\000s\000e\000\040\0001\0004\000.\0005\000.\0001}{subsection.14.5}% 177
\BOOKMARK [2][-]{subsection.14.7}{\376\377\000S\000t\000r\000u\000c\000t\000u\000r\000e\000\040\000o\000f\000\040\000A\000b\000e\000l\000i\000a\000n\000\040\000G\000r\000o\000u\000p\000s}{section.14}% 178
\BOOKMARK [3][-]{subsubsection.14.7.7}{\376\377\000E\000x\000e\000r\000c\000i\000s\000e\000\040\0001\0004\000.\0007\000.\0007}{subsection.14.7}% 179
\BOOKMARK [2][-]{subsection.14.8}{\376\377\000A\000p\000p\000l\000i\000c\000a\000t\000i\000o\000n\000s\000\040\000t\000o\000\040\000L\000i\000n\000e\000a\000r\000\040\000O\000p\000e\000r\000a\000t\000o\000r\000s}{section.14}% 180
\BOOKMARK [3][-]{subsubsection.14.8.2}{\376\377\000E\000x\000e\000r\000c\000i\000s\000e\000\040\0001\0004\000.\0008\000.\0002}{subsection.14.8}% 181
\BOOKMARK [3][-]{subsubsection.14.8.4}{\376\377\000E\000x\000e\000r\000c\000i\000s\000e\000\040\0001\0004\000.\0008\000.\0004}{subsection.14.8}% 182
\BOOKMARK [2][-]{subsection.14.13}{\376\377\000M\000i\000s\000c\000e\000l\000l\000a\000n\000e\000o\000u\000s\000\040\000P\000r\000o\000b\000l\000e\000m\000s}{section.14}% 183
\BOOKMARK [3][-]{subsubsection.14.13.10}{\376\377\000E\000x\000e\000r\000c\000i\000s\000e\000\040\0001\0004\000.\000M\000.\0001\0000}{subsection.14.13}% 184
\BOOKMARK [1][-]{section.15}{\376\377\000F\000i\000e\000l\000d\000s}{}% 185
\BOOKMARK [2][-]{subsection.15.2}{\376\377\000A\000l\000g\000e\000b\000r\000a\000i\000c\000\040\000a\000n\000d\000\040\000T\000r\000a\000n\000s\000c\000e\000n\000d\000e\000n\000t\000a\000l\000\040\000E\000l\000e\000m\000e\000n\000t\000s}{section.15}% 186
\BOOKMARK [3][-]{subsubsection.15.2.1}{\376\377\000E\000x\000e\000r\000c\000i\000s\000e\000\040\0001\0005\000.\0002\000.\0001}{subsection.15.2}% 187
\BOOKMARK [3][-]{subsubsection.15.2.3}{\376\377\000E\000x\000e\000r\000c\000i\000s\000e\000\040\0001\0005\000.\0002\000.\0003}{subsection.15.2}% 188
\BOOKMARK [2][-]{subsection.15.3}{\376\377\000T\000h\000e\000\040\000D\000e\000g\000r\000e\000e\000\040\000o\000f\000\040\000a\000\040\000F\000i\000e\000l\000d\000\040\000E\000x\000t\000e\000n\000s\000i\000o\000n}{section.15}% 189
\BOOKMARK [3][-]{subsubsection.15.3.2}{\376\377\000E\000x\000e\000r\000c\000i\000s\000e\000\040\0001\0005\000.\0003\000.\0002}{subsection.15.3}% 190
\BOOKMARK [3][-]{subsubsection.15.3.5}{\376\377\000E\000x\000e\000r\000c\000i\000s\000e\000\040\0001\0005\000.\0003\000.\0005}{subsection.15.3}% 191
\BOOKMARK [3][-]{subsubsection.15.3.7}{\376\377\000E\000x\000e\000r\000c\000i\000s\000e\000\040\0001\0005\000.\0003\000.\0007}{subsection.15.3}% 192
\BOOKMARK [3][-]{subsubsection.15.3.9}{\376\377\000E\000x\000e\000r\000c\000i\000s\000e\000\040\0001\0005\000.\0003\000.\0009}{subsection.15.3}% 193
\BOOKMARK [3][-]{subsubsection.15.3.10}{\376\377\000E\000x\000e\000r\000c\000i\000s\000e\000\040\0001\0005\000.\0003\000.\0001\0000}{subsection.15.3}% 194
\BOOKMARK [2][-]{subsection.15.4}{\376\377\000F\000i\000n\000d\000i\000n\000g\000\040\000t\000h\000e\000\040\000I\000r\000r\000e\000d\000u\000c\000i\000b\000l\000e\000\040\000P\000o\000l\000y\000n\000o\000m\000i\000a\000l}{section.15}% 195
\BOOKMARK [3][-]{subsubsection.15.4.1}{\376\377\000E\000x\000e\000r\000c\000i\000s\000e\000\040\0001\0005\000.\0004\000.\0001}{subsection.15.4}% 196
\BOOKMARK [3][-]{subsubsection.15.4.2}{\376\377\000E\000x\000e\000r\000c\000i\000s\000e\000\040\0001\0005\000.\0004\000.\0002}{subsection.15.4}% 197
\BOOKMARK [2][-]{subsection.15.6}{\376\377\000A\000d\000j\000o\000i\000n\000i\000n\000g\000\040\000R\000o\000o\000t\000s}{section.15}% 198
\BOOKMARK [3][-]{subsubsection.15.6.1}{\376\377\000E\000x\000e\000r\000c\000i\000s\000e\000\040\0001\0005\000.\0006\000.\0001}{subsection.15.6}% 199
\BOOKMARK [2][-]{subsection.15.7}{\376\377\000F\000i\000n\000i\000t\000e\000\040\000F\000i\000e\000l\000d\000s}{section.15}% 200
\BOOKMARK [3][-]{subsubsection.15.7.4}{\376\377\000E\000x\000e\000r\000c\000i\000s\000e\000\040\0001\0005\000.\0007\000.\0004}{subsection.15.7}% 201
\BOOKMARK [3][-]{subsubsection.15.7.6}{\376\377\000E\000x\000e\000r\000c\000i\000s\000e\000\040\0001\0005\000.\0007\000.\0006}{subsection.15.7}% 202
\BOOKMARK [3][-]{subsubsection.15.7.7}{\376\377\000E\000x\000e\000r\000c\000i\000s\000e\000\040\0001\0005\000.\0007\000.\0007}{subsection.15.7}% 203
\BOOKMARK [3][-]{subsubsection.15.7.8}{\376\377\000E\000x\000e\000r\000c\000i\000s\000e\000\040\0001\0005\000.\0007\000.\0008}{subsection.15.7}% 204
\BOOKMARK [3][-]{subsubsection.15.7.10}{\376\377\000E\000x\000e\000r\000c\000i\000s\000e\000\040\0001\0005\000.\0007\000.\0001\0000}{subsection.15.7}% 205
\BOOKMARK [3][-]{subsubsection.15.7.11}{\376\377\000E\000x\000e\000r\000c\000i\000s\000e\000\040\0001\0005\000.\0007\000.\0001\0001}{subsection.15.7}% 206
\BOOKMARK [3][-]{subsubsection.15.7.13}{\376\377\000E\000x\000e\000r\000c\000i\000s\000e\000\040\0001\0005\000.\0007\000.\0001\0003}{subsection.15.7}% 207
\BOOKMARK [2][-]{subsection.15.8}{\376\377\000P\000r\000i\000m\000i\000t\000i\000v\000e\000\040\000E\000l\000e\000m\000e\000n\000t\000s}{section.15}% 208
\BOOKMARK [3][-]{subsubsection.15.8.2}{\376\377\000E\000x\000e\000r\000c\000i\000s\000e\000\040\0001\0005\000.\0008\000.\0002}{subsection.15.8}% 209
\BOOKMARK [2][-]{subsection.15.9}{\376\377\000F\000u\000n\000c\000t\000i\000o\000n\000\040\000F\000i\000e\000l\000d\000s}{section.15}% 210
\BOOKMARK [3][-]{subsubsection.15.9.1}{\376\377\000E\000x\000e\000r\000c\000i\000s\000e\000\040\0001\0005\000.\0009\000.\0001}{subsection.15.9}% 211
\BOOKMARK [2][-]{subsection.15.10}{\376\377\000T\000h\000e\000\040\000F\000u\000n\000d\000a\000m\000e\000n\000t\000a\000l\000\040\000T\000h\000e\000o\000r\000e\000m\000\040\000o\000f\000\040\000A\000l\000g\000e\000b\000r\000a}{section.15}% 212
\BOOKMARK [3][-]{subsubsection.15.10.1}{\376\377\000E\000x\000e\000r\000c\000i\000s\000e\000\040\0001\0005\000.\0001\0000\000.\0001}{subsection.15.10}% 213
\BOOKMARK [3][-]{subsubsection.15.10.2}{\376\377\000E\000x\000e\000r\000c\000i\000s\000e\000\040\0001\0005\000.\0001\0000\000.\0002}{subsection.15.10}% 214
\BOOKMARK [2][-]{subsection.15.13}{\376\377\000M\000i\000s\000c\000e\000l\000l\000a\000n\000e\000o\000u\000s\000\040\000P\000r\000o\000b\000l\000e\000m\000s}{section.15}% 215
\BOOKMARK [3][-]{subsubsection.15.13.1}{\376\377\000E\000x\000e\000r\000c\000i\000s\000e\000\040\0001\0005\000.\000M\000.\0001}{subsection.15.13}% 216
\BOOKMARK [3][-]{subsubsection.15.13.2}{\376\377\000E\000x\000e\000r\000c\000i\000s\000e\000\040\0001\0005\000.\000M\000.\0002}{subsection.15.13}% 217
\BOOKMARK [3][-]{subsubsection.15.13.3}{\376\377\000E\000x\000e\000r\000c\000i\000s\000e\000\040\0001\0005\000.\000M\000.\0003}{subsection.15.13}% 218
\BOOKMARK [3][-]{subsubsection.15.13.4}{\376\377\000E\000x\000e\000r\000c\000i\000s\000e\000\040\0001\0005\000.\000M\000.\0004}{subsection.15.13}% 219
\BOOKMARK [3][-]{subsubsection.15.13.6}{\376\377\000E\000x\000e\000r\000c\000i\000s\000e\000\040\0001\0005\000.\000M\000.\0006}{subsection.15.13}% 220
\BOOKMARK [3][-]{subsubsection.15.13.7}{\376\377\000E\000x\000e\000r\000c\000i\000s\000e\000\040\0001\0005\000.\000M\000.\0007}{subsection.15.13}% 221
\BOOKMARK [1][-]{section.16}{\376\377\000G\000a\000l\000o\000i\000s\000\040\000T\000h\000e\000o\000r\000y}{}% 222
\BOOKMARK [2][-]{subsection.16.1}{\376\377\000S\000y\000m\000m\000e\000t\000r\000i\000c\000\040\000F\000u\000n\000c\000t\000i\000o\000n\000s}{section.16}% 223
\BOOKMARK [3][-]{subsubsection.16.1.1}{\376\377\000E\000x\000e\000r\000c\000i\000s\000e\000\040\0001\0006\000.\0001\000.\0001}{subsection.16.1}% 224
\BOOKMARK [3][-]{subsubsection.16.1.3}{\376\377\000E\000x\000e\000r\000c\000i\000s\000e\000\040\0001\0006\000.\0001\000.\0003}{subsection.16.1}% 225
\BOOKMARK [2][-]{subsection.16.2}{\376\377\000T\000h\000e\000\040\000D\000i\000s\000c\000r\000i\000m\000i\000n\000a\000n\000t}{section.16}% 226
\BOOKMARK [3][-]{subsubsection.16.2.2}{\376\377\000E\000x\000e\000r\000c\000i\000s\000e\000\040\0001\0006\000.\0002\000.\0002}{subsection.16.2}% 227
\BOOKMARK [3][-]{subsubsection.16.2.4}{\376\377\000E\000x\000e\000r\000c\000i\000s\000e\000\040\0001\0006\000.\0002\000.\0004}{subsection.16.2}% 228
\BOOKMARK [3][-]{subsubsection.16.2.7}{\376\377\000E\000x\000e\000r\000c\000i\000s\000e\000\040\0001\0006\000.\0002\000.\0007}{subsection.16.2}% 229
\BOOKMARK [2][-]{subsection.16.3}{\376\377\000S\000p\000l\000i\000t\000t\000i\000n\000g\000\040\000F\000i\000e\000l\000d\000s}{section.16}% 230
\BOOKMARK [3][-]{subsubsection.16.3.1}{\376\377\000E\000x\000e\000r\000c\000i\000s\000e\000\040\0001\0006\000.\0003\000.\0001}{subsection.16.3}% 231
\BOOKMARK [2][-]{subsection.16.4}{\376\377\000I\000s\000o\000m\000o\000r\000p\000h\000i\000s\000m\000s\000\040\000o\000f\000\040\000F\000i\000e\000l\000d\000\040\000E\000x\000t\000e\000n\000s\000i\000o\000n\000s}{section.16}% 232
\BOOKMARK [3][-]{subsubsection.16.4.1}{\376\377\000E\000x\000e\000r\000c\000i\000s\000e\000\040\0001\0006\000.\0004\000.\0001}{subsection.16.4}% 233
\BOOKMARK [2][-]{subsection.16.5}{\376\377\000F\000i\000x\000e\000d\000\040\000F\000i\000e\000l\000d\000s}{section.16}% 234
\BOOKMARK [3][-]{subsubsection.16.5.2}{\376\377\000E\000x\000e\000r\000c\000i\000s\000e\000\040\0001\0006\000.\0005\000.\0002}{subsection.16.5}% 235
